// Jest Snapshot v1, https://goo.gl/fbAQLP

exports[`Subscriptions renders 1`] = `
<Fragment>
  <SideBarHeader
    title="Subscriptions"
  />
  <Subscription
    broadcasting={true}
    label="MusicChannel"
  />
  <Subscription
    amountNewVideos={10}
    label="React Conf"
  />
  <Subscription
    amountNewVideos={23}
    label="TEDx Talks"
  />
  <Subscription
    amountNewVideos={4}
    label="Stanford iOS"
  />
  <Subscription
    amountNewVideos={114}
    label="The Coding Den"
  />
  <Divider />
</Fragment>
`;
